// Jest Snapshot v1, https://goo.gl/fbAQLP

exports[`Testing AddCar component renders as expected 1`] = `
<div
  className="absolute h-screen bg-primaryGreen w-full"
>
  <div
    className="bg-show-car opacity-20"
  />
  <div
    className="text-white opacity"
  />
  <div
    className="absolute top-0 h-screen w-full flex items-start justify-center"
  >
    <div
      className="py-4 px-4 flex flex-col items-start justify-center"
    >
      <div
        className="text-center p-4 w-full"
      >
        <h1
          className="text-white text-lg md:text-2xl md:mb-10 font-bold"
        >
          ADD A CAR
        </h1>
        <p
          className="text-white mt-5 md:text-xl"
        >
          Please fill in the form with with correct details in order to add a new car.
        </p>
      </div>
      <div
        className="mx-auto p-2 md:mt-10 md:w-full"
      >
        <form
          className="bg-white border border-white rounded-md"
          data-testid="form"
          onSubmit={[Function]}
        >
          <div
            className="border border-gray-300 flex items-center"
          >
            <input
              className="text-gray-800 pl-3 h-12 w-full"
              data-testid="name"
              name="name"
              onBlur={[Function]}
              onChange={[Function]}
              placeholder="Name"
              required={true}
              type="text"
            />
          </div>
          <div
            className="border border-gray-300 flex items-center"
          >
            <input
              className="text-gray-800 pl-3 h-12 w-full"
              data-testid="description"
              name="description"
              onBlur={[Function]}
              onChange={[Function]}
              placeholder="Description"
              required={true}
              type="textarea"
            />
          </div>
          <div
            className="border border-gray-300 flex items-center"
          >
            <input
              className="text-gray-800 pl-3 h-12 w-full"
              data-testid="model-info"
              name="model_info"
              onBlur={[Function]}
              onChange={[Function]}
              placeholder="Model info"
              required={true}
              type="text"
            />
          </div>
          <div
            className="border border-gray-300 flex items-center"
          >
            <input
              className="text-gray-800 pl-3 h-12 w-full"
              data-testid="reservation-fee"
              min="1"
              name="reservation_fee"
              onBlur={[Function]}
              onChange={[Function]}
              placeholder="Reservation Fee"
              required={true}
              type="number"
            />
          </div>
          <div
            className="border border-gray-300 flex items-center p-3"
          >
            <input
              className="text-gray-800 w-full"
              data-testid="image"
              min="1"
              name="image"
              onBlur={[Function]}
              onChange={[Function]}
              placeholder="Choose File"
              required={true}
              type="file"
            />
          </div>
          <div
            className="w-full h-auto border border-gray-300 flex items-center justify-center pt-10 pb-5"
          >
            <button
              className="bg-primaryGreen border-2 border-white p-3 rounded-full w-full mx-14 md:w-1/2 text-white font-semibold cursor-pointer"
              type="submit"
            >
              Create
            </button>
          </div>
        </form>
      </div>
    </div>
  </div>
</div>
`;
